Optional.of(Optional.of(f()).orElse(d1)).orElse(d2)
