if (!(f() != null))
 return "f returned null!";
else
 ;
