Optional.ofNullable(f().g().h).filter(__ -> __ instanceof Dog).orElse(null)
