Optional.of(Optional.of(f()).map(d1).orElse(null)).map(d2).orElse(null)
