if (!(isBad().get()))
 newRunnable(() -> {f().g().run();note("DONE");}).run();
