if (!(f()))
 throw new BadTimeException();
else
 ;