if (f() == null)
 throw new BadTimeException();
else
 ;