public static final Object o = new O();
public static final boolean w = true;
public static final int x = 1;
public static final String y = "1";
public static final double z = 1.0;
