A(int a, int b) {
	this.a = a;
	this.b = b;
	this.c = 1;
	this.d = a + b;
}

A(int a, int b, int c) {
	this.a = a;
	this.b = b;
	this.c = c;
	this.d = a + b;
}

A(int a, int b, int c, int d) {
	this.a = a;
	this.b = b;
	this.c = c;
	this.d = d;
}

