    void  error ( Stringmessage ) {throw new BadError(message);}
