(f()).stream().filter(i -> i % 2 == 0).findFirst();
