for (final Integer i : nums()) {
 if (!(i%2==0))
  continue;
 f(i);
}
