for (double i=1.0 ; i<=100.0 ; ++i) {
 f();
 g(i + 1);
}

for (double i=0.0 ; i<=100.0 ; ++i) {
 f();
 g(i + 1);
}

for (double i=1.0 ;; ++i) {
 f();
 g(i + 1);
}

for (;;) {
 f();
 g(1);
}
