(f()).stream().filter(i -> i % 2 == 0).collect(Collectors.toList());
